[0m10:42:48.272999 [debug] [MainThread]: Sending event: {'category': 'dbt', 'action': 'invocation', 'label': 'start', 'context': [<snowplow_tracker.self_describing_json.SelfDescribingJson object at 0x0000023ACF7774D0>, <snowplow_tracker.self_describing_json.SelfDescribingJson object at 0x0000023AD1CEFC50>, <snowplow_tracker.self_describing_json.SelfDescribingJson object at 0x0000023AD1CEF750>]}


============================== 10:42:48.313060 | ffd57d32-053d-4b45-8a05-74d5fa0789a2 ==============================
[0m10:42:48.313060 [info ] [MainThread]: Running with dbt=1.11.7
[0m10:42:48.313894 [debug] [MainThread]: running dbt with arguments {'version_check': 'True', 'no_print': 'None', 'static_parser': 'True', 'warn_error_options': 'WarnErrorOptionsV2(error=[], warn=[], silence=[])', 'target_path': 'None', 'printer_width': '80', 'write_json': 'True', 'introspect': 'True', 'log_cache_events': 'False', 'empty': 'None', 'cache_selected_only': 'False', 'fail_fast': 'False', 'debug': 'False', 'log_format': 'default', 'profiles_dir': 'C:\\Users\\PareshJadhav\\.dbt', 'send_anonymous_usage_stats': 'True', 'quiet': 'False', 'warn_error': 'None', 'partial_parse': 'True', 'invocation_command': 'dbt debug', 'use_colors': 'True', 'indirect_selection': 'eager', 'use_experimental_parser': 'False', 'log_path': 'logs'}
[0m10:42:48.433759 [info ] [MainThread]: dbt version: 1.11.7
[0m10:42:48.434496 [info ] [MainThread]: python version: 3.13.15
[0m10:42:48.435192 [info ] [MainThread]: python path: C:\Users\PareshJadhav\Documents\learn-dbt\dbt-course\.venv\Scripts\python.exe
[0m10:42:48.435846 [info ] [MainThread]: os info: Windows-11-10.0.26200-SP0
[0m10:42:48.436402 [info ] [MainThread]: Using profiles dir at C:\Users\PareshJadhav\.dbt
[0m10:42:48.437028 [info ] [MainThread]: Using profiles.yml file at C:\Users\PareshJadhav\.dbt\profiles.yml
[0m10:42:48.437536 [info ] [MainThread]: Using dbt_project.yml file at C:\Users\PareshJadhav\Documents\learn-dbt\dbt-course\dbt_project.yml
[0m10:42:48.438148 [info ] [MainThread]: Configuration:
[0m10:42:48.438680 [info ] [MainThread]:   profiles.yml file [[31mERROR not found[0m]
[0m10:42:48.439061 [info ] [MainThread]:   dbt_project.yml file [[31mERROR not found[0m]
[0m10:42:48.439516 [info ] [MainThread]: Required dependencies:
[0m10:42:48.440159 [debug] [MainThread]: Executing "git --help"
[0m10:42:48.539360 [debug] [MainThread]: STDOUT: "b"usage: git [-v | --version] [-h | --help] [-C <path>] [-c <name>=<value>]\n           [--exec-path[=<path>]] [--html-path] [--man-path] [--info-path]\n           [-p | --paginate | -P | --no-pager] [--no-replace-objects] [--no-lazy-fetch]\n           [--no-optional-locks] [--no-advice] [--bare] [--git-dir=<path>]\n           [--work-tree=<path>] [--namespace=<name>] [--config-env=<name>=<envvar>]\n           <command> [<args>]\n\nThese are common Git commands used in various situations:\n\nstart a working area (see also: git help tutorial)\n   clone      Clone a repository into a new directory\n   init       Create an empty Git repository or reinitialize an existing one\n\nwork on the current change (see also: git help everyday)\n   add        Add file contents to the index\n   mv         Move or rename a file, a directory, or a symlink\n   restore    Restore working tree files\n   rm         Remove files from the working tree and from the index\n\nexamine the history and state (see also: git help revisions)\n   bisect     Use binary search to find the commit that introduced a bug\n   diff       Show changes between commits, commit and working tree, etc\n   grep       Print lines matching a pattern\n   log        Show commit logs\n   show       Show various types of objects\n   status     Show the working tree status\n\ngrow, mark and tweak your common history\n   backfill   Download missing objects in a partial clone\n   branch     List, create, or delete branches\n   commit     Record changes to the repository\n   history    EXPERIMENTAL: Rewrite history\n   merge      Join two or more development histories together\n   rebase     Reapply commits on top of another base tip\n   reset      Set `HEAD` or the index to a known state\n   switch     Switch branches\n   tag        Create, list, delete or verify tags\n\ncollaborate (see also: git help workflows)\n   fetch      Download objects and refs from another repository\n   pull       Fetch from and integrate with another repository or a local branch\n   push       Update remote refs along with associated objects\n\n'git help -a' and 'git help -g' list available subcommands and some\nconcept guides. See 'git help <command>' or 'git help <concept>'\nto read about a specific subcommand or concept.\nSee 'git help git' for an overview of the system.\n""
[0m10:42:48.540132 [debug] [MainThread]: STDERR: "b''"
[0m10:42:48.540713 [info ] [MainThread]:  - git [[32mOK found[0m]

[0m10:42:48.541362 [info ] [MainThread]: Connection test skipped since no profile was found
[0m10:42:48.542042 [info ] [MainThread]: [31m2 checks failed:[0m
[0m10:42:48.542732 [info ] [MainThread]: dbt looked for a profiles.yml file in C:\Users\PareshJadhav\.dbt\profiles.yml, but did
not find one. For more information on configuring your profile, consult the
documentation:

https://docs.getdbt.com/docs/configure-your-profile


[0m10:42:48.543413 [info ] [MainThread]: Project loading failed for the following reason:
 project path <C:\Users\PareshJadhav\Documents\learn-dbt\dbt-course\dbt_project.yml> not found

[0m10:42:48.545185 [debug] [MainThread]: Command `dbt debug` failed at 10:42:48.544993 after 0.52 seconds
[0m10:42:48.545839 [debug] [MainThread]: Sending event: {'category': 'dbt', 'action': 'invocation', 'label': 'end', 'context': [<snowplow_tracker.self_describing_json.SelfDescribingJson object at 0x0000023AD1C8DA70>, <snowplow_tracker.self_describing_json.SelfDescribingJson object at 0x0000023AD1C268D0>, <snowplow_tracker.self_describing_json.SelfDescribingJson object at 0x0000023AD1C488D0>]}
[0m10:42:48.546273 [debug] [MainThread]: Flushing usage events
[0m10:42:49.537519 [debug] [MainThread]: An error was encountered while trying to flush usage events
[0m10:46:46.993534 [debug] [MainThread]: Sending event: {'category': 'dbt', 'action': 'invocation', 'label': 'start', 'context': [<snowplow_tracker.self_describing_json.SelfDescribingJson object at 0x000002BA2959F620>, <snowplow_tracker.self_describing_json.SelfDescribingJson object at 0x000002BA2AA03C50>, <snowplow_tracker.self_describing_json.SelfDescribingJson object at 0x000002BA2AA03750>]}


============================== 10:46:46.997300 | 4c2add7b-3703-40ec-8b7b-c9b5da3e91c8 ==============================
[0m10:46:46.997300 [info ] [MainThread]: Running with dbt=1.11.7
[0m10:46:46.997714 [debug] [MainThread]: running dbt with arguments {'version_check': 'True', 'no_print': 'None', 'static_parser': 'True', 'warn_error_options': 'WarnErrorOptionsV2(error=[], warn=[], silence=[])', 'target_path': 'None', 'printer_width': '80', 'write_json': 'True', 'introspect': 'True', 'log_cache_events': 'False', 'empty': 'None', 'cache_selected_only': 'False', 'fail_fast': 'False', 'debug': 'False', 'log_format': 'default', 'partial_parse': 'True', 'send_anonymous_usage_stats': 'True', 'quiet': 'False', 'warn_error': 'None', 'profiles_dir': 'C:\\Users\\PareshJadhav\\Documents\\learn-dbt\\dbt-course', 'invocation_command': 'dbt init --skip-profile-setup airbnb', 'use_colors': 'True', 'indirect_selection': 'eager', 'use_experimental_parser': 'False', 'log_path': 'logs'}
[0m10:46:47.021907 [debug] [MainThread]: Starter project path: C:\Users\PareshJadhav\Documents\learn-dbt\dbt-course\.venv\Lib\site-packages\dbt\include\starter_project
[0m10:46:47.068678 [info ] [MainThread]: 
Your new dbt project "airbnb" was created!

For more information on how to configure the profiles.yml file,
please consult the dbt documentation here:

  https://docs.getdbt.com/docs/configure-your-profile

One more thing:

Need help? Don't hesitate to reach out to us via GitHub issues or on Slack:

  https://community.getdbt.com/

Happy modeling!

[0m10:46:47.069981 [debug] [MainThread]: Command `dbt init` succeeded at 10:46:47.069836 after 0.24 seconds
[0m10:46:47.070253 [debug] [MainThread]: Sending event: {'category': 'dbt', 'action': 'invocation', 'label': 'end', 'context': [<snowplow_tracker.self_describing_json.SelfDescribingJson object at 0x000002BA2AA16650>, <snowplow_tracker.self_describing_json.SelfDescribingJson object at 0x000002BA2BA68DD0>, <snowplow_tracker.self_describing_json.SelfDescribingJson object at 0x000002BA2A8A3130>]}
[0m10:46:47.070501 [debug] [MainThread]: Flushing usage events
[0m10:46:48.005405 [debug] [MainThread]: An error was encountered while trying to flush usage events
[0m16:30:02.598556 [debug] [MainThread]: Sending event: {'category': 'dbt', 'action': 'invocation', 'label': 'start', 'context': [<snowplow_tracker.self_describing_json.SelfDescribingJson object at 0x1039730e0>, <snowplow_tracker.self_describing_json.SelfDescribingJson object at 0x107cef750>, <snowplow_tracker.self_describing_json.SelfDescribingJson object at 0x107cef610>]}


============================== 16:30:02.600209 | 8dabd79b-81ca-43d0-89f5-0e2e4f7fe015 ==============================
[0m16:30:02.600209 [info ] [MainThread]: Running with dbt=1.11.7
[0m16:30:02.600434 [debug] [MainThread]: running dbt with arguments {'log_cache_events': 'False', 'fail_fast': 'False', 'version_check': 'True', 'partial_parse': 'True', 'send_anonymous_usage_stats': 'True', 'indirect_selection': 'eager', 'use_experimental_parser': 'False', 'introspect': 'True', 'quiet': 'False', 'use_colors': 'True', 'debug': 'False', 'log_path': 'logs', 'warn_error': 'None', 'cache_selected_only': 'False', 'log_format': 'default', 'invocation_command': 'dbt docs serve', 'static_parser': 'True', 'write_json': 'True', 'no_print': 'None', 'empty': 'None', 'profiles_dir': '/Users/pareshnitinjadhav/.dbt', 'warn_error_options': 'WarnErrorOptionsV2(error=[], warn=[], silence=[])', 'target_path': 'None', 'printer_width': '80'}
[0m16:30:02.600650 [error] [MainThread]: Encountered an error:
Runtime Error
  No dbt_project.yml found at expected path /Users/pareshnitinjadhav/Documents/Notes/DBT Udemy/dbt-course/dbt_project.yml
  Verify that each entry within packages.yml (and their transitive dependencies) contains a file named dbt_project.yml
  
[0m16:30:02.600891 [debug] [MainThread]: Resource report: {"command_name": "serve", "command_success": false, "command_wall_clock_time": 0.033964917, "process_in_blocks": "0", "process_kernel_time": 0.062612, "process_mem_max_rss": "109084672", "process_out_blocks": "0", "process_user_time": 0.474641}
[0m16:30:02.601119 [debug] [MainThread]: Command `dbt docs serve` failed at 16:30:02.601078 after 0.03 seconds
[0m16:30:02.601239 [debug] [MainThread]: Sending event: {'category': 'dbt', 'action': 'invocation', 'label': 'end', 'context': [<snowplow_tracker.self_describing_json.SelfDescribingJson object at 0x107e162c0>, <snowplow_tracker.self_describing_json.SelfDescribingJson object at 0x107e885f0>, <snowplow_tracker.self_describing_json.SelfDescribingJson object at 0x107eb0050>]}
[0m16:30:02.601362 [debug] [MainThread]: Flushing usage events
[0m16:30:03.831521 [debug] [MainThread]: An error was encountered while trying to flush usage events
[0m16:30:27.742828 [debug] [MainThread]: Sending event: {'category': 'dbt', 'action': 'invocation', 'label': 'start', 'context': [<snowplow_tracker.self_describing_json.SelfDescribingJson object at 0x107f930e0>, <snowplow_tracker.self_describing_json.SelfDescribingJson object at 0x109def750>, <snowplow_tracker.self_describing_json.SelfDescribingJson object at 0x109def610>]}


============================== 16:30:27.745400 | 5f92989b-4575-4f68-bea4-c960f97562e5 ==============================
[0m16:30:27.745400 [info ] [MainThread]: Running with dbt=1.11.7
[0m16:30:27.745641 [debug] [MainThread]: running dbt with arguments {'cache_selected_only': 'False', 'use_experimental_parser': 'False', 'quiet': 'False', 'write_json': 'True', 'debug': 'False', 'warn_error': 'None', 'static_parser': 'True', 'log_cache_events': 'False', 'invocation_command': 'dbt docs serve', 'log_format': 'default', 'indirect_selection': 'eager', 'send_anonymous_usage_stats': 'True', 'log_path': 'logs', 'fail_fast': 'False', 'target_path': 'None', 'partial_parse': 'True', 'no_print': 'None', 'introspect': 'True', 'empty': 'None', 'version_check': 'True', 'warn_error_options': 'WarnErrorOptionsV2(error=[], warn=[], silence=[])', 'profiles_dir': '/Users/pareshnitinjadhav/Documents/Notes/DBT Udemy/dbt-course', 'printer_width': '80', 'use_colors': 'True'}
[0m16:30:27.746017 [error] [MainThread]: Encountered an error:
Runtime Error
  No dbt_project.yml found at expected path /Users/pareshnitinjadhav/Documents/Notes/DBT Udemy/dbt-course/dbt_project.yml
  Verify that each entry within packages.yml (and their transitive dependencies) contains a file named dbt_project.yml
  
[0m16:30:27.746276 [debug] [MainThread]: Resource report: {"command_name": "serve", "command_success": false, "command_wall_clock_time": 0.037211373, "process_in_blocks": "0", "process_kernel_time": 0.08532, "process_mem_max_rss": "108003328", "process_out_blocks": "0", "process_user_time": 0.474312}
[0m16:30:27.746488 [debug] [MainThread]: Command `dbt docs serve` failed at 16:30:27.746454 after 0.04 seconds
[0m16:30:27.746603 [debug] [MainThread]: Sending event: {'category': 'dbt', 'action': 'invocation', 'label': 'end', 'context': [<snowplow_tracker.self_describing_json.SelfDescribingJson object at 0x109e162c0>, <snowplow_tracker.self_describing_json.SelfDescribingJson object at 0x109e805f0>, <snowplow_tracker.self_describing_json.SelfDescribingJson object at 0x109eb0050>]}
[0m16:30:27.746712 [debug] [MainThread]: Flushing usage events
[0m16:30:29.024331 [debug] [MainThread]: An error was encountered while trying to flush usage events
[0m16:30:51.963945 [debug] [MainThread]: Sending event: {'category': 'dbt', 'action': 'invocation', 'label': 'start', 'context': [<snowplow_tracker.self_describing_json.SelfDescribingJson object at 0x1083db0e0>, <snowplow_tracker.self_describing_json.SelfDescribingJson object at 0x10994b750>, <snowplow_tracker.self_describing_json.SelfDescribingJson object at 0x10994b610>]}


============================== 16:30:51.966254 | 55128c5e-6b75-426f-92e2-9d890d987797 ==============================
[0m16:30:51.966254 [info ] [MainThread]: Running with dbt=1.11.7
[0m16:30:51.966494 [debug] [MainThread]: running dbt with arguments {'printer_width': '80', 'indirect_selection': 'eager', 'version_check': 'True', 'partial_parse': 'True', 'cache_selected_only': 'False', 'profiles_dir': '/Users/pareshnitinjadhav/Documents/Notes/DBT Udemy/dbt-course', 'use_experimental_parser': 'False', 'log_format': 'default', 'write_json': 'True', 'empty': 'False', 'fail_fast': 'False', 'send_anonymous_usage_stats': 'True', 'quiet': 'False', 'warn_error': 'None', 'static_parser': 'True', 'warn_error_options': 'WarnErrorOptionsV2(error=[], warn=[], silence=[])', 'no_print': 'None', 'introspect': 'True', 'invocation_command': 'dbt compile', 'debug': 'False', 'log_path': 'logs', 'target_path': 'None', 'use_colors': 'True', 'log_cache_events': 'False'}
[0m16:30:51.966716 [error] [MainThread]: Encountered an error:
Runtime Error
  No dbt_project.yml found at expected path /Users/pareshnitinjadhav/Documents/Notes/DBT Udemy/dbt-course/dbt_project.yml
  Verify that each entry within packages.yml (and their transitive dependencies) contains a file named dbt_project.yml
  
[0m16:30:51.966963 [debug] [MainThread]: Resource report: {"command_name": "compile", "command_success": false, "command_wall_clock_time": 0.034169376, "process_in_blocks": "0", "process_kernel_time": 0.083757, "process_mem_max_rss": "107675648", "process_out_blocks": "0", "process_user_time": 0.472515}
[0m16:30:51.967152 [debug] [MainThread]: Command `dbt compile` failed at 16:30:51.967113 after 0.03 seconds
[0m16:30:51.967257 [debug] [MainThread]: Sending event: {'category': 'dbt', 'action': 'invocation', 'label': 'end', 'context': [<snowplow_tracker.self_describing_json.SelfDescribingJson object at 0x10997a190>, <snowplow_tracker.self_describing_json.SelfDescribingJson object at 0x1099cc5f0>, <snowplow_tracker.self_describing_json.SelfDescribingJson object at 0x109a08050>]}
[0m16:30:51.967388 [debug] [MainThread]: Flushing usage events
[0m16:30:53.406634 [debug] [MainThread]: An error was encountered while trying to flush usage events
